1941:
Router>enable
Router#config terminal
Enter configuration commands, one per line.  End with CNTL/Z.
Router(config)#interface g0/0
Router(config-if)#ip add 192.168.1.1 255.255.255.0
Router(config-if)#no shut

Router(config-if)#
%LINK-5-CHANGED: Interface GigabitEthernet0/0, changed state to up

Router(config-if)#exit
Router(config)#interface g0/1
Router(config-if)#ip add 192.168.2.1 255.255.255.0
Router(config-if)#no shut

Router(config-if)#
%LINK-5-CHANGED: Interface GigabitEthernet0/1, changed state to up

Router(config-if)#exit
Router(config)#exit
Router#
%SYS-5-CONFIG_I: Configured from console by console

Router#
%LINEPROTO-5-UPDOWN: Line protocol on Interface GigabitEthernet0/0, changed state to up

%LINEPROTO-5-UPDOWN: Line protocol on Interface GigabitEthernet0/1, changed state to up

2811:
Router>enable
Router#config terminal
Enter configuration commands, one per line.  End with CNTL/Z.
Router(config)#interface fe0/0
                          ^
% Invalid input detected at '^' marker.
	
Router(config)#interface fasteth0/0
Router(config-if)#ip add 192.168.3.1 255.255.255.0
Router(config-if)#no shut

Router(config-if)#
%LINK-5-CHANGED: Interface FastEthernet0/0, changed state to up

Router(config-if)#exit
Router(config)#interface fastethe0/1
Router(config-if)#ip add 192.168.4.1 255.255.255.0
Router(config-if)#no shut

Router(config-if)#
%LINK-5-CHANGED: Interface FastEthernet0/1, changed state to up

Router(config-if)#exit
Router(config)#exit
Router#
%SYS-5-CONFIG_I: Configured from console by console
